[info] Loading settings for project aca-riscv-build from metals.sbt ...
[info] Loading project definition from /mnt/c/git/aca-riscv/project
[info] Loading settings for project aca-riscv from build.sbt ...
[info] Set current project to aca-riscv (in build file:/mnt/c/git/aca-riscv/)
[info] Compiling 1 Scala source to /mnt/c/git/aca-riscv/target/scala-2.11/test-classes ...
[warn] there were three feature warnings; re-run with -feature for details
[warn] one warning found
[info] Done compiling.
[[35minfo[0m] [0.002] Elaborating design...
[[35minfo[0m] [0.381] Done elaborating.
Total FIRRTL Compile Time: 1562.5 ms
file loaded in 0.3468098 seconds, 3292 symbols, 2235 statements
[[35minfo[0m] [0.001] SEED 1588662938939
- Start of cycle 0: 
------------------------------
IfId: 100000000000010000000100010011 -- Instruction: 0 
------------------------------
IdExCtl: 0 0 -- Instruction: -1 
-- MemWbRegWrite: 0 
-- MemWbAddress: 0 
-- MemWbData: 0 
------------------------------
ExMem: 0 -- Instruction: -2 
------------------------------
MemWb: 0 -- Instruction: -3 
------------------------------
WbWd: 0 -- Instruction: -3 
------------------------------
-****************************-
- Start of cycle 1: 
------------------------------
IfId: 10000000111100000000000000011101111 -- Instruction: 1 
------------------------------
IdExCtl: 1000111 10000000000010000000000100000000010 -- Instruction: 0 
-- MemWbRegWrite: 0 
-- MemWbAddress: 0 
-- MemWbData: 0 
------------------------------
ExMem: 0 -- Instruction: -1 
------------------------------
MemWb: 0 -- Instruction: -2 
------------------------------
WbWd: 0 -- Instruction: -2 
------------------------------
-****************************-
- Start of cycle 2: 
------------------------------
IfId: 100000000000000001010000010110010011 -- Instruction: 2 
------------------------------
IdExCtl: 0 1111000000011000000001100000001 -- Instruction: 1 
-- MemWbRegWrite: 0 
-- MemWbAddress: 0 
-- MemWbData: 0 
------------------------------
ExMem: 10000000000000000000000000000000000000000000010 -- Instruction: 0 
------------------------------
MemWb: 0 -- Instruction: -1 
------------------------------
WbWd: 0 -- Instruction: -1 
------------------------------
-****************************-
- Start of cycle 31: 
------------------------------
IfId: 111110011111110000000010000000100010011 -- Instruction: 31 
------------------------------
IdExCtl: 1000111 10100000001011 -- Instruction: 30 
-- MemWbRegWrite: 1 
-- MemWbAddress: 2 
-- MemWbData: 512 
------------------------------
ExMem: 1 -- Instruction: 29 
------------------------------
MemWb: 100000000000010 -- Instruction: 28 
------------------------------
WbWd: 512 -- Instruction: 28 
------------------------------
-****************************-
- Start of cycle 32: 
------------------------------
IfId: 1000000000000000000100010010111000100011 -- Instruction: 32 
------------------------------
IdExCtl: 1000111 100000000000000000000000000000000000000000111111111111111111111111111000001111111000000100000000010 -- Instruction: 31 
-- MemWbRegWrite: 0 
-- MemWbAddress: 1 
-- MemWbData: 0 
------------------------------
ExMem: 1011 -- Instruction: 30 
------------------------------
MemWb: 1 -- Instruction: 29 
------------------------------
WbWd: 0 -- Instruction: 29 
------------------------------
-****************************-
- Start of cycle 33: 
------------------------------
IfId: 1000010000000000100000010010110000100011 -- Instruction: 33 
------------------------------
IdExCtl: 10101 100000000000000000000000000000000000001000000000000000000000000000000111000000000010000100000111100 -- Instruction: 32 
-- MemWbRegWrite: 1 
-- MemWbAddress: 11 
-- MemWbData: 0 
------------------------------
ExMem: 1111000000000000000000000000000000000000000010 -- Instruction: 31 
------------------------------
MemWb: 1011 -- Instruction: 30 
------------------------------
WbWd: 0 -- Instruction: 30 
------------------------------
-****************************-
- Start of cycle 34: 
------------------------------
IfId: 1000100000000010000000010000010000010011 -- Instruction: 34 
------------------------------
IdExCtl: 10101 100000000000000000000000000000000000000000000000000000000000000000000110000000000010000100100011000 -- Instruction: 33 
-- MemWbRegWrite: 1 
-- MemWbAddress: 2 
-- MemWbData: 480 
------------------------------
ExMem: 1111111000000000000000000000000000000100011100 -- Instruction: 32 
------------------------------
MemWb: 11110000000010 -- Instruction: 31 
------------------------------
WbWd: 480 -- Instruction: 31 
------------------------------
-****************************-
- Start of cycle 35: 
------------------------------
IfId: 1000110000000000001000000000011110010011 -- Instruction: 35 
------------------------------
IdExCtl: 1000111 11110000000000000000000000000000000000000000000000000000000000000001000000000001000000100000001000 -- Instruction: 34 
-- MemWbRegWrite: 0 
-- MemWbAddress: 28 
-- MemWbData: 508 
------------------------------
ExMem: 1111110000000000000000000000000000000000011000 -- Instruction: 33 
------------------------------
MemWb: 11111110011100 -- Instruction: 32 
------------------------------
WbWd: 508 -- Instruction: 32 
------------------------------
-****************************-
- Start of cycle 36: 
------------------------------
IfId: 1001000011111110111101000010011000100011 -- Instruction: 36 
------------------------------
IdExCtl: 1000111 111100000000000000000000000000000000000100000000000000000001001111 -- Instruction: 35 
-- MemWbRegWrite: 0 
-- MemWbAddress: 24 
-- MemWbData: 504 
------------------------------
ExMem: 10000000000000000000000000000000000000000001000 -- Instruction: 34 
------------------------------
MemWb: 11111100011000 -- Instruction: 33 
------------------------------
WbWd: 504 -- Instruction: 33 
------------------------------
-****************************-
- Start of cycle 37: 
------------------------------
IfId: 1001010011111110110001000010010100000011 -- Instruction: 37 
------------------------------
IdExCtl: 10101 111111111111111111111111111011001111111010010000111101100 -- Instruction: 36 
-- MemWbRegWrite: 1 
-- MemWbAddress: 8 
-- MemWbData: 512 
------------------------------
ExMem: 100000000000000000000000011110000001111 -- Instruction: 35 
------------------------------
MemWb: 100000000001000 -- Instruction: 34 
------------------------------
WbWd: 512 -- Instruction: 34 
------------------------------
-****************************-
- Start of cycle 38: 
------------------------------
IfId: 1001100011110111010111111111000011101111 -- Instruction: 38 
------------------------------
IdExCtl: 1101101 100000000000000000000000000000000000000000111111111111111111111111111011001111111010010000110001010 -- Instruction: 37 
-- MemWbRegWrite: 1 
-- MemWbAddress: 15 
-- MemWbData: 2 
------------------------------
ExMem: 1111011000000000000000000000000000000001001100 -- Instruction: 36 
------------------------------
MemWb: 1001111 -- Instruction: 35 
------------------------------
WbWd: 2 -- Instruction: 35 
------------------------------
-****************************-
- Start of cycle 39: 
------------------------------
IfId: 1001110000000000000000000000011110010011 -- Instruction: 39 
------------------------------
IdExCtl: 0 111111111111111111111111101110101111011111111111010100001 -- Instruction: 38 
-- MemWbRegWrite: 0 
-- MemWbAddress: 12 
-- MemWbData: 492 
------------------------------
ExMem: 1111011000000000000000000000000000000000001010 -- Instruction: 37 
------------------------------
MemWb: 11110110001100 -- Instruction: 36 
------------------------------
WbWd: 492 -- Instruction: 36 
------------------------------
-****************************-
- Start of cycle 3: 
------------------------------
IfId: 110011111110000000010000000100010011 -- Instruction: 3 
------------------------------
IdExCtl: 1000111 1111 -- Instruction: 2 
-- MemWbRegWrite: 1 
-- MemWbAddress: 10 
-- MemWbData: 2 
------------------------------
ExMem: 1 -- Instruction: 1 
------------------------------
MemWb: 11110110001010 -- Instruction: 0 
------------------------------
WbWd: 2 -- Instruction: 0 
------------------------------
-****************************-
- Start of cycle 4: 
------------------------------
IfId: 1000000000000000100010010111000100011 -- Instruction: 4 
------------------------------
IdExCtl: 1000111 11110000000000000000000000000000000000000111111111111111111111111111000001111111000000100000000010 -- Instruction: 3 
-- MemWbRegWrite: 0 
-- MemWbAddress: 1 
-- MemWbData: 0 
------------------------------
ExMem: 1111 -- Instruction: 2 
------------------------------
MemWb: 1 -- Instruction: 1 
------------------------------
WbWd: 0 -- Instruction: 1 
------------------------------
-****************************-
- Start of cycle 5: 
------------------------------
IfId: 1010000000000100000010010110000100011 -- Instruction: 5 
------------------------------
IdExCtl: 10101 11110000000000000000000000000000010011100000000000000000000000000000111000000000010000100000111100 -- Instruction: 4 
-- MemWbRegWrite: 1 
-- MemWbAddress: 15 
-- MemWbData: 0 
------------------------------
ExMem: 1110000000000000000000000000000000000000000010 -- Instruction: 3 
------------------------------
MemWb: 1111 -- Instruction: 2 
------------------------------
WbWd: 0 -- Instruction: 2 
------------------------------
-****************************-
- Start of cycle 6: 
------------------------------
IfId: 1100000000000100100010010101000100011 -- Instruction: 6 
------------------------------
IdExCtl: 10101 11110000000000000000000000000001000000000000000000000000000000000000110000000000010000100100011000 -- Instruction: 5 
-- MemWbRegWrite: 1 
-- MemWbAddress: 2 
-- MemWbData: 448 
------------------------------
ExMem: 1110111000000000000000000000000001001110011100 -- Instruction: 4 
------------------------------
MemWb: 11100000000010 -- Instruction: 3 
------------------------------
WbWd: 448 -- Instruction: 3 
------------------------------
-****************************-
- Start of cycle 7: 
------------------------------
IfId: 1110000000010000000010000010000010011 -- Instruction: 7 
------------------------------
IdExCtl: 10101 11100000000000000000000000000000000000000000000000000000000000000000101000000000010000100100110100 -- Instruction: 6 
-- MemWbRegWrite: 0 
-- MemWbAddress: 28 
-- MemWbData: 476 
------------------------------
ExMem: 1110110000000000000000000000000100000000011000 -- Instruction: 5 
------------------------------
MemWb: 11101110011100 -- Instruction: 4 
------------------------------
WbWd: 476 -- Instruction: 4 
------------------------------
-****************************-
- Start of cycle 8: 
------------------------------
IfId: 10000011111110101001000010011000100011 -- Instruction: 8 
------------------------------
IdExCtl: 1000111 11100000000000000000000000000000000000000000000000000000000000000001000000000001000000100000001000 -- Instruction: 7 
-- MemWbRegWrite: 0 
-- MemWbAddress: 24 
-- MemWbData: 472 
------------------------------
ExMem: 1110101000000000000000000000000000000000010100 -- Instruction: 6 
------------------------------
MemWb: 11101100011000 -- Instruction: 5 
------------------------------
WbWd: 472 -- Instruction: 5 
------------------------------
-****************************-
- Start of cycle 9: 
------------------------------
IfId: 10010011111110110001000010011100000011 -- Instruction: 9 
------------------------------
IdExCtl: 10101 100000000000000000000000000000000000000010111111111111111111111111111011001111111010010000101001100 -- Instruction: 8 
-- MemWbRegWrite: 0 
-- MemWbAddress: 20 
-- MemWbData: 468 
------------------------------
ExMem: 1111000000000000000000000000000000000000001000 -- Instruction: 7 
------------------------------
MemWb: 11101010010100 -- Instruction: 6 
------------------------------
WbWd: 468 -- Instruction: 6 
------------------------------
-****************************-
- Start of cycle 10: 
------------------------------
IfId: 10100000000000000100000000011110010011 -- Instruction: 10 
------------------------------
IdExCtl: 1101101 100000000000000000000000000000000000000000111111111111111111111111111011001111111010010000110001110 -- Instruction: 9 
-- MemWbRegWrite: 1 
-- MemWbAddress: 8 
-- MemWbData: 480 
------------------------------
ExMem: 1110011000000000000000000000000000000001001100 -- Instruction: 8 
------------------------------
MemWb: 11110000001000 -- Instruction: 7 
------------------------------
WbWd: 480 -- Instruction: 7 
------------------------------
-****************************-
- Start of cycle 11: 
------------------------------
IfId: 10110000000000111001111100011001100011 -- Instruction: 11 
------------------------------
IdExCtl: 1000111 10011100000000000000000000000000000000010000000000000000000101111 -- Instruction: 10 
-- MemWbRegWrite: 0 
-- MemWbAddress: 12 
-- MemWbData: 460 
------------------------------
ExMem: 1110011000000000000000000000000000000000001110 -- Instruction: 9 
------------------------------
MemWb: 11100110001100 -- Instruction: 8 
------------------------------
WbWd: 460 -- Instruction: 8 
------------------------------
-****************************-
- Start of cycle 12: 
------------------------------
IfId: 11000011111110110001000010011110000011 -- Instruction: 12 
------------------------------
IdExCtl: 0 1100000000100011110111001100 -- Instruction: 11 
-- MemWbRegWrite: 1 
-- MemWbAddress: 14 
-- MemWbData: 2 
------------------------------
ExMem: 10000000000000000000000001001110001111 -- Instruction: 10 
------------------------------
MemWb: 11100110001110 -- Instruction: 9 
------------------------------
WbWd: 2 -- Instruction: 9 
------------------------------
-****************************-
- Start of cycle 13: 
------------------------------
IfId: 11010000000011000000000000000001101111 -- Instruction: 13 
------------------------------
IdExCtl: 1101101 11110000000000000000000000000000000000000111111111111111111111111111011001111111010010000110001111 -- Instruction: 12 
-- MemWbRegWrite: 1 
-- MemWbAddress: 15 
-- MemWbData: 1 
------------------------------
ExMem: 1001100 -- Instruction: 11 
------------------------------
MemWb: 101111 -- Instruction: 10 
------------------------------
WbWd: 1 -- Instruction: 10 
------------------------------
-****************************-
- Start of cycle 14: 
------------------------------
IfId: 11100011111110110001000010011110000011 -- Instruction: 14 
------------------------------
IdExCtl: 0 110000000001000000001000000000 -- Instruction: 13 
-- MemWbRegWrite: 0 
-- MemWbAddress: 12 
-- MemWbData: 0 
------------------------------
ExMem: 1110011000000000000000000000000000000000001111 -- Instruction: 12 
------------------------------
MemWb: 1100 -- Instruction: 11 
------------------------------
WbWd: 0 -- Instruction: 11 
------------------------------
-****************************-
- Start of cycle 25: 
------------------------------
IfId: 110010000000000000001111000010100010011 -- Instruction: 25 
------------------------------
IdExCtl: 1101101 11110000000000000000000000000000000000000111111111111111111111111111011001111111010010000110001111 -- Instruction: 24 
-- MemWbRegWrite: 1 
-- MemWbAddress: 15 
-- MemWbData: 0 
------------------------------
ExMem: 0 -- Instruction: 23 
------------------------------
MemWb: 11100110001111 -- Instruction: 22 
------------------------------
WbWd: 0 -- Instruction: 22 
------------------------------
-****************************-
- Start of cycle 25: 
------------------------------
IfId: 110010000000000000001111000010100010011 -- Instruction: 25 
------------------------------
IdExCtl: 0 11110000001010 -- Instruction: 24 
-- MemWbRegWrite: 0 
-- MemWbAddress: 0 
-- MemWbData: 0 
------------------------------
ExMem: 1110011000000000000000000000000000000000001111 -- Instruction: 23 
------------------------------
MemWb: 0 -- Instruction: 22 
------------------------------
WbWd: 0 -- Instruction: 22 
------------------------------
-****************************-
- Start of cycle 26: 
------------------------------
IfId: 110100000000001110000010010000010000011 -- Instruction: 26 
------------------------------
IdExCtl: 1000111 11110000001010 -- Instruction: 25 
-- MemWbRegWrite: 1 
-- MemWbAddress: 15 
-- MemWbData: 0 
------------------------------
ExMem: 1010 -- Instruction: 24 
------------------------------
MemWb: 11100110001111 -- Instruction: 23 
------------------------------
WbWd: 0 -- Instruction: 23 
------------------------------
-****************************-
- Start of cycle 27: 
------------------------------
IfId: 110110000000001100000010010010000000011 -- Instruction: 27 
------------------------------
IdExCtl: 1101101 11100000000000000000000000000000000000000000000000000000000000000000111000000000010000101110000001 -- Instruction: 26 
-- MemWbRegWrite: 0 
-- MemWbAddress: 10 
-- MemWbData: 0 
------------------------------
ExMem: 1010 -- Instruction: 25 
------------------------------
MemWb: 1010 -- Instruction: 24 
------------------------------
WbWd: 0 -- Instruction: 24 
------------------------------
-****************************-
- Start of cycle 28: 
------------------------------
IfId: 111000000000001010000010010010010000011 -- Instruction: 28 
------------------------------
IdExCtl: 1101101 11100000000000000000000000000000000000000000000000000000000000000000110000000000010000101100001000 -- Instruction: 27 
-- MemWbRegWrite: 1 
-- MemWbAddress: 10 
-- MemWbData: 0 
------------------------------
ExMem: 1110111000000000000000000000000000000000000001 -- Instruction: 26 
------------------------------
MemWb: 1010 -- Instruction: 25 
------------------------------
WbWd: 0 -- Instruction: 25 
------------------------------
-****************************-
- Start of cycle 29: 
------------------------------
IfId: 111010000000010000000010000000100010011 -- Instruction: 29 
------------------------------
IdExCtl: 1101101 11100000000000000000000000000000000000000000000000000000000000000000101000000000010000101010001001 -- Instruction: 28 
-- MemWbRegWrite: 1 
-- MemWbAddress: 1 
-- MemWbData: 0 
------------------------------
ExMem: 1110110000000000000000000000000000000000001000 -- Instruction: 27 
------------------------------
MemWb: 11101110000001 -- Instruction: 26 
------------------------------
WbWd: 0 -- Instruction: 26 
------------------------------
-****************************-
- Start of cycle 30: 
------------------------------
IfId: 111100000000000000000001000000001100111 -- Instruction: 30 
------------------------------
IdExCtl: 1000111 11100000000000000000000000000000000000000000000000000000000000000001000000000001000000100000000010 -- Instruction: 29 
-- MemWbRegWrite: 1 
-- MemWbAddress: 8 
-- MemWbData: 156 
------------------------------
ExMem: 1110101000000000000000000000000000000000001001 -- Instruction: 28 
------------------------------
MemWb: 11101100001000 -- Instruction: 27 
------------------------------
WbWd: 156 -- Instruction: 27 
------------------------------
-****************************-
- Start of cycle 31: 
------------------------------
IfId: 111110011111110000000010000000100010011 -- Instruction: 31 
------------------------------
IdExCtl: 0 10000000000 -- Instruction: 30 
-- MemWbRegWrite: 1 
-- MemWbAddress: 9 
-- MemWbData: 512 
------------------------------
ExMem: 1111000000000000000000000000000000000000000010 -- Instruction: 29 
------------------------------
MemWb: 11101010001001 -- Instruction: 28 
------------------------------
WbWd: 512 -- Instruction: 28 
------------------------------
-****************************-
- Start of cycle 0: 
------------------------------
IfId: 100000000000010000000100010011 -- Instruction: 0 
------------------------------
IdExCtl: 1000111 11100000000000000000000000000000000000000111111111111111111111111111000001111111000000100000000010 -- Instruction: -1 
-- MemWbRegWrite: 1 
-- MemWbAddress: 2 
-- MemWbData: 480 
------------------------------
ExMem: 0 -- Instruction: -2 
------------------------------
MemWb: 11110000000010 -- Instruction: -3 
------------------------------
WbWd: 480 -- Instruction: -3 
------------------------------
-****************************-
- Start of cycle 1: 
------------------------------
IfId: 10000000111100000000000000011101111 -- Instruction: 1 
------------------------------
IdExCtl: 1000111 11110000000000000000000000000000000000000000000000000000000000010000000000010000000000100000000010 -- Instruction: 0 
-- MemWbRegWrite: 0 
-- MemWbAddress: 0 
-- MemWbData: 0 
------------------------------
ExMem: 1110000000000000000000000000000000000000000010 -- Instruction: -1 
------------------------------
MemWb: 0 -- Instruction: -2 
------------------------------
WbWd: 0 -- Instruction: -2 
------------------------------
-****************************-
- Start of cycle 2: 
------------------------------
IfId: 100000000000000001010000010110010011 -- Instruction: 2 
------------------------------
IdExCtl: 0 1111000000011000000001100000001 -- Instruction: 1 
-- MemWbRegWrite: 1 
-- MemWbAddress: 2 
-- MemWbData: 448 
------------------------------
ExMem: 11110000000000000000000000000000000000000000010 -- Instruction: 0 
------------------------------
MemWb: 11100000000010 -- Instruction: -1 
------------------------------
WbWd: 448 -- Instruction: -1 
------------------------------
-****************************-
- Start of cycle 31: 
------------------------------
IfId: 111110011111110000000010000000100010011 -- Instruction: 31 
------------------------------
IdExCtl: 1000111 10100000001011 -- Instruction: 30 
-- MemWbRegWrite: 1 
-- MemWbAddress: 2 
-- MemWbData: 960 
------------------------------
ExMem: 1 -- Instruction: 29 
------------------------------
MemWb: 111100000000010 -- Instruction: 28 
------------------------------
WbWd: 960 -- Instruction: 28 
------------------------------
-****************************-
- Start of cycle 32: 
------------------------------
IfId: 1000000000000000000100010010111000100011 -- Instruction: 32 
------------------------------
IdExCtl: 1000111 111100000000000000000000000000000000000000111111111111111111111111111000001111111000000100000000010 -- Instruction: 31 
-- MemWbRegWrite: 0 
-- MemWbAddress: 1 
-- MemWbData: 0 
------------------------------
ExMem: 1011 -- Instruction: 30 
------------------------------
MemWb: 1 -- Instruction: 29 
------------------------------
WbWd: 0 -- Instruction: 29 
------------------------------
-****************************-
- Start of cycle 33: 
------------------------------
IfId: 1000010000000000100000010010110000100011 -- Instruction: 33 
------------------------------
IdExCtl: 10101 111100000000000000000000000000000000001000000000000000000000000000000111000000000010000100000111100 -- Instruction: 32 
-- MemWbRegWrite: 1 
-- MemWbAddress: 11 
-- MemWbData: 0 
------------------------------
ExMem: 11101000000000000000000000000000000000000000010 -- Instruction: 31 
------------------------------
MemWb: 1011 -- Instruction: 30 
------------------------------
WbWd: 0 -- Instruction: 30 
------------------------------
-****************************-
- Start of cycle 34: 
------------------------------
IfId: 1000100000000010000000010000010000010011 -- Instruction: 34 
------------------------------
IdExCtl: 10101 111100000000000000000000000000000111100000000000000000000000000000000110000000000010000100100011000 -- Instruction: 33 
-- MemWbRegWrite: 1 
-- MemWbAddress: 2 
-- MemWbData: 928 
------------------------------
ExMem: 11101111000000000000000000000000000000100011100 -- Instruction: 32 
------------------------------
MemWb: 111010000000010 -- Instruction: 31 
------------------------------
WbWd: 928 -- Instruction: 31 
------------------------------
-****************************-
- Start of cycle 35: 
------------------------------
IfId: 1000110000000000001000000000011110010011 -- Instruction: 35 
------------------------------
IdExCtl: 1000111 111010000000000000000000000000000000000000000000000000000000000000001000000000001000000100000001000 -- Instruction: 34 
-- MemWbRegWrite: 0 
-- MemWbAddress: 28 
-- MemWbData: 956 
------------------------------
ExMem: 11101110000000000000000000000000011110000011000 -- Instruction: 33 
------------------------------
MemWb: 111011110011100 -- Instruction: 32 
------------------------------
WbWd: 956 -- Instruction: 32 
------------------------------
-****************************-
- Start of cycle 36: 
------------------------------
IfId: 1001000011111110111101000010011000100011 -- Instruction: 36 
------------------------------
IdExCtl: 1000111 1110100000000000000000000000000000000000100000000000000000001001111 -- Instruction: 35 
-- MemWbRegWrite: 0 
-- MemWbAddress: 24 
-- MemWbData: 952 
------------------------------
ExMem: 11110000000000000000000000000000000000000001000 -- Instruction: 34 
------------------------------
MemWb: 111011100011000 -- Instruction: 33 
------------------------------
WbWd: 952 -- Instruction: 33 
------------------------------
-****************************-
- Start of cycle 37: 
------------------------------
IfId: 1001010011111110110001000010010100000011 -- Instruction: 37 
------------------------------
IdExCtl: 10101 11110000000000000000000000000000000000000111111111111111111111111111011001111111010010000111101100 -- Instruction: 36 
-- MemWbRegWrite: 1 
-- MemWbAddress: 8 
-- MemWbData: 960 
------------------------------
ExMem: 100000000000000000000000111010000001111 -- Instruction: 35 
------------------------------
MemWb: 111100000001000 -- Instruction: 34 
------------------------------
WbWd: 960 -- Instruction: 34 
------------------------------
-****************************-
- Start of cycle 38: 
------------------------------
IfId: 1001100011110111010111111111000011101111 -- Instruction: 38 
------------------------------
IdExCtl: 1101101 111100000000000000000000000000000000000000111111111111111111111111111011001111111010010000110001010 -- Instruction: 37 
-- MemWbRegWrite: 1 
-- MemWbAddress: 15 
-- MemWbData: 2 
------------------------------
ExMem: 11101011000000000000000000000000000000001001100 -- Instruction: 36 
------------------------------
MemWb: 1001111 -- Instruction: 35 
------------------------------
WbWd: 2 -- Instruction: 35 
------------------------------
-****************************-
- Start of cycle 39: 
------------------------------
IfId: 1001110000000000000000000000011110010011 -- Instruction: 39 
------------------------------
IdExCtl: 0 111111111111111111111111101110101111011111111111010100001 -- Instruction: 38 
-- MemWbRegWrite: 0 
-- MemWbAddress: 12 
-- MemWbData: 940 
------------------------------
ExMem: 11101011000000000000000000000000000000000001010 -- Instruction: 37 
------------------------------
MemWb: 111010110001100 -- Instruction: 36 
------------------------------
WbWd: 940 -- Instruction: 36 
------------------------------
-****************************-
- Start of cycle 3: 
------------------------------
IfId: 110011111110000000010000000100010011 -- Instruction: 3 
------------------------------
IdExCtl: 1000111 1111 -- Instruction: 2 
-- MemWbRegWrite: 1 
-- MemWbAddress: 10 
-- MemWbData: 2 
------------------------------
ExMem: 1 -- Instruction: 1 
------------------------------
MemWb: 111010110001010 -- Instruction: 0 
------------------------------
WbWd: 2 -- Instruction: 0 
------------------------------
-****************************-
- Start of cycle 4: 
------------------------------
IfId: 1000000000000000100010010111000100011 -- Instruction: 4 
------------------------------
IdExCtl: 1000111 111010000000000000000000000000000000000000111111111111111111111111111000001111111000000100000000010 -- Instruction: 3 
-- MemWbRegWrite: 0 
-- MemWbAddress: 1 
-- MemWbData: 0 
------------------------------
ExMem: 1111 -- Instruction: 2 
------------------------------
MemWb: 1 -- Instruction: 1 
------------------------------
WbWd: 0 -- Instruction: 1 
------------------------------
-****************************-
- Start of cycle 5: 
------------------------------
IfId: 1010000000000100000010010110000100011 -- Instruction: 5 
------------------------------
IdExCtl: 10101 111010000000000000000000000000000010011100000000000000000000000000000111000000000010000100000111100 -- Instruction: 4 
-- MemWbRegWrite: 1 
-- MemWbAddress: 15 
-- MemWbData: 0 
------------------------------
ExMem: 11100000000000000000000000000000000000000000010 -- Instruction: 3 
------------------------------
MemWb: 1111 -- Instruction: 2 
------------------------------
WbWd: 0 -- Instruction: 2 
------------------------------
-****************************-
- Start of cycle 6: 
------------------------------
IfId: 1100000000000100100010010101000100011 -- Instruction: 6 
------------------------------
IdExCtl: 10101 111010000000000000000000000000001111000000000000000000000000000000000110000000000010000100100011000 -- Instruction: 5 
-- MemWbRegWrite: 1 
-- MemWbAddress: 2 
-- MemWbData: 896 
------------------------------
ExMem: 11100111000000000000000000000000001001110011100 -- Instruction: 4 
------------------------------
MemWb: 111000000000010 -- Instruction: 3 
------------------------------
WbWd: 896 -- Instruction: 3 
------------------------------
-****************************-
- Start of cycle 7: 
------------------------------
IfId: 1110000000010000000010000010000010011 -- Instruction: 7 
------------------------------
IdExCtl: 10101 111000000000000000000000000000001000000000000000000000000000000000000101000000000010000100100110100 -- Instruction: 6 
-- MemWbRegWrite: 0 
-- MemWbAddress: 28 
-- MemWbData: 924 
------------------------------
ExMem: 11100110000000000000000000000000111100000011000 -- Instruction: 5 
------------------------------
MemWb: 111001110011100 -- Instruction: 4 
------------------------------
WbWd: 924 -- Instruction: 4 
------------------------------
-****************************-
- Start of cycle 8: 
------------------------------
IfId: 10000011111110101001000010011000100011 -- Instruction: 8 
------------------------------
IdExCtl: 1000111 111000000000000000000000000000000000000000000000000000000000000000001000000000001000000100000001000 -- Instruction: 7 
-- MemWbRegWrite: 0 
-- MemWbAddress: 24 
-- MemWbData: 920 
------------------------------
ExMem: 11100101000000000000000000000000100000000010100 -- Instruction: 6 
------------------------------
MemWb: 111001100011000 -- Instruction: 5 
------------------------------
WbWd: 920 -- Instruction: 5 
------------------------------
-****************************-
- Start of cycle 9: 
------------------------------
IfId: 10010011111110110001000010011100000011 -- Instruction: 9 
------------------------------
IdExCtl: 10101 111100000000000000000000000000000000000010111111111111111111111111111011001111111010010000101001100 -- Instruction: 8 
-- MemWbRegWrite: 0 
-- MemWbAddress: 20 
-- MemWbData: 916 
------------------------------
ExMem: 11101000000000000000000000000000000000000001000 -- Instruction: 7 
------------------------------
MemWb: 111001010010100 -- Instruction: 6 
------------------------------
WbWd: 916 -- Instruction: 6 
------------------------------
-****************************-
- Start of cycle 10: 
------------------------------
IfId: 10100000000000000100000000011110010011 -- Instruction: 10 
------------------------------
IdExCtl: 1101101 111100000000000000000000000000000000000000111111111111111111111111111011001111111010010000110001110 -- Instruction: 9 
-- MemWbRegWrite: 1 
-- MemWbAddress: 8 
-- MemWbData: 928 
------------------------------
ExMem: 11100011000000000000000000000000000000001001100 -- Instruction: 8 
------------------------------
MemWb: 111010000001000 -- Instruction: 7 
------------------------------
WbWd: 928 -- Instruction: 7 
------------------------------
-****************************-
- Start of cycle 11: 
------------------------------
IfId: 10110000000000111001111100011001100011 -- Instruction: 11 
------------------------------
IdExCtl: 1000111 10011100000000000000000000000000000000010000000000000000000101111 -- Instruction: 10 
-- MemWbRegWrite: 0 
-- MemWbAddress: 12 
-- MemWbData: 908 
------------------------------
ExMem: 11100011000000000000000000000000000000000001110 -- Instruction: 9 
------------------------------
MemWb: 111000110001100 -- Instruction: 8 
------------------------------
WbWd: 908 -- Instruction: 8 
------------------------------
-****************************-
- Start of cycle 12: 
------------------------------
IfId: 11000011111110110001000010011110000011 -- Instruction: 12 
------------------------------
IdExCtl: 0 10000000000000000000000000000001100000000100011110111001100 -- Instruction: 11 
-- MemWbRegWrite: 1 
-- MemWbAddress: 14 
-- MemWbData: 2 
------------------------------
ExMem: 10000000000000000000000001001110001111 -- Instruction: 10 
------------------------------
MemWb: 111000110001110 -- Instruction: 9 
------------------------------
WbWd: 2 -- Instruction: 9 
------------------------------
-****************************-
- Start of cycle 14: 
------------------------------
IfId: 11100011111110110001000010011110000011 -- Instruction: 14 
------------------------------
IdExCtl: 1101101 111010000000000000000000000000000000000000111111111111111111111111111011001111111010010000110001111 -- Instruction: 13 
-- MemWbRegWrite: 1 
-- MemWbAddress: 15 
-- MemWbData: 1 
------------------------------
ExMem: 1001100 -- Instruction: 12 
------------------------------
MemWb: 101111 -- Instruction: 11 
------------------------------
WbWd: 1 -- Instruction: 11 
------------------------------
-****************************-
[[35minfo[0m] [0.356] EXPECT AT 55   io_led got 1 expected 0 FAIL
test Riscv Success: 1 tests passed in 60 cycles in 0.946078 seconds 63.42 Hz
[[35minfo[0m] [0.678] RAN 55 CYCLES FAILED FIRST AT CYCLE 55
[info] RiscvTest:
[info] Riscv
[info] - should pass *** FAILED ***
[info]   false was not true (RiscvTest.scala:102)
[info] ScalaTest
[info] Run completed in 4 seconds, 212 milliseconds.
[info] Total number of tests run: 1
[info] Suites: completed 1, aborted 0
[info] Tests: succeeded 0, failed 1, canceled 0, ignored 0, pending 0
[info] *** 1 TEST FAILED ***
[error] Failed: Total 1, Failed 1, Errors 0, Passed 0
[error] Failed tests:
[error] 	riscv.RiscvTest
[error] (Test / testOnly) sbt.TestsFailedException: Tests unsuccessful
[error] Total time: 11 s, completed May 5, 2020, 9:15:43 AM
